
<FAILED::>Test Failed : Expected :<:LF:>{ 1 }<:LF:>But got :<:LF:>{ 0 }

<FAILED::>Test Failed : Expected :<:LF:>{ { 0 } { 1 } }<:LF:>But got :<:LF:>{ { 0 } { 0 } }
