
<DESCRIBE::>Expected results and actual results tests

<IT::>Match

<PASSED::>Test Passed

<COMPLETEDIN::>0.136447 ms

<IT::>Mismatch

<FAILED::>Test Failed : Expected :<:LF:>4<:LF:>5<:LF:>6<:LF:>7<:LF:>But got :<:LF:>0<:LF:>1<:LF:>2<:LF:>3

<COMPLETEDIN::>0.237138 ms

<COMPLETEDIN::>0.520236 ms
