
<DESCRIBE::>custom message

<IT::>short strings

<PASSED::>Just passed

<PASSED::>Just passed

<COMPLETEDIN::>0.140822 ms

<IT::>failing compares

<FAILED::>Just failed

<FAILED::>Just failed

<COMPLETEDIN::>0.068695 ms

<IT::>short strings

<PASSED::>Test passed

<PASSED::>Test passed

<COMPLETEDIN::>0.026218 ms

<IT::>failing compares

<FAILED::>Actually expected :{ "Hello Worlds!" }<:LF:><:LF:>but instead got :{ "Hello World!" }


<FAILED::>Actually expected :{ "Hello Worlds! " }<:LF:><:LF:>but instead got :{ "Hello Worlds!" }


<COMPLETEDIN::>0.336267 ms

<IT::>short strings

<PASSED::>Test Passed

<PASSED::>Test Passed

<COMPLETEDIN::>0.047432 ms

<IT::>failing compares

<FAILED::>Test Failed : Actually expected :{ "Hello Worlds!" }<:LF:><:LF:>but instead got :{ "Hello World!" }


<FAILED::>Test Failed : Actually expected :{ "Hello Worlds! " }<:LF:><:LF:>but instead got :{ "Hello Worlds!" }


<COMPLETEDIN::>0.086214 ms

<COMPLETEDIN::>0.922141 ms
