
<FAILED::>Test Failed : Expected :<:LF:>  0<:LF:>  0<:LF:>But got :<:LF:>  0
