
<FAILED::>Test Failed : Expected :<:LF:>  1<:LF:>But got :<:LF:>  0
